<?xml version="1.0" encoding="UTF-8"?>
<testsuites>
    <testsuite name="våra-vägassistansförsäkringar;as-a-customer-i-would-like-to-buy-the-väghjälp-bil-insurance" tests="15" failures="0" skipped="3">
        <properties>
            <property name="URI" value="C:/dev/sbm/test/features/vaghjalpV2.feature">
            </property>
        </properties>
        <testcase name="Given that i am on the SBM home page" classname="våra-vägassistansförsäkringar;as-a-customer-i-would-like-to-buy-the-väghjälp-bil-insurance" time="5.7577872">
        </testcase>
        <testcase name="And i go to vagassistansforsakringar" classname="våra-vägassistansförsäkringar;as-a-customer-i-would-like-to-buy-the-väghjälp-bil-insurance" time="1.3004456">
        </testcase>
        <testcase name="When i click väghjälp bil insurance" classname="våra-vägassistansförsäkringar;as-a-customer-i-would-like-to-buy-the-väghjälp-bil-insurance" time="2.0194138">
        </testcase>
        <testcase name="And i click the order button BESTÄLL NU" classname="våra-vägassistansförsäkringar;as-a-customer-i-would-like-to-buy-the-väghjälp-bil-insurance" time="2.0090948">
        </testcase>
        <testcase name="And i fill regnr" classname="våra-vägassistansförsäkringar;as-a-customer-i-would-like-to-buy-the-väghjälp-bil-insurance" time="1.0235435">
        </testcase>
        <testcase name="And i fill ssn" classname="våra-vägassistansförsäkringar;as-a-customer-i-would-like-to-buy-the-väghjälp-bil-insurance" time="1.017605801">
        </testcase>
        <testcase name="And i click hämta uppgifter" classname="våra-vägassistansförsäkringar;as-a-customer-i-would-like-to-buy-the-väghjälp-bil-insurance" time="1.018878101">
        </testcase>
        <testcase name="And the page should show personal information" classname="våra-vägassistansförsäkringar;as-a-customer-i-would-like-to-buy-the-väghjälp-bil-insurance" time="0.000219501">
        </testcase>
        <testcase name="And i fill the email field" classname="våra-vägassistansförsäkringar;as-a-customer-i-would-like-to-buy-the-väghjälp-bil-insurance" time="0.0001931">
        </testcase>
        <testcase name="And i fill the mobil field" classname="våra-vägassistansförsäkringar;as-a-customer-i-would-like-to-buy-the-väghjälp-bil-insurance" time="0.000310401">
        </testcase>
        <testcase name="And i click BankID" classname="våra-vägassistansförsäkringar;as-a-customer-i-would-like-to-buy-the-väghjälp-bil-insurance" time="0.0002138">
        </testcase>
        <testcase name="Then i should get a popup" classname="våra-vägassistansförsäkringar;as-a-customer-i-would-like-to-buy-the-väghjälp-bil-insurance" time="0.000142701">
        </testcase>
        <testcase name="And i enter my ssn" classname="våra-vägassistansförsäkringar;as-a-customer-i-would-like-to-buy-the-väghjälp-bil-insurance">
            <skipped message="">
            </skipped>
        </testcase>
        <testcase name="And i click fortsatt" classname="våra-vägassistansförsäkringar;as-a-customer-i-would-like-to-buy-the-väghjälp-bil-insurance">
            <skipped message="">
            </skipped>
        </testcase>
        <testcase name="And i should get confirmation on my order" classname="våra-vägassistansförsäkringar;as-a-customer-i-would-like-to-buy-the-väghjälp-bil-insurance">
            <skipped message="">
            </skipped>
        </testcase>
    </testsuite>
</testsuites>